Archive member included because of file (symbol)

c:/winavr-20100110/bin/../lib/gcc/avr/4.3.3/avr4\libgcc.a(_exit.o)
                              c:/winavr-20100110/bin/../lib/gcc/avr/4.3.3/../../../../avr/lib/avr4/crtm8.o (exit)
c:/winavr-20100110/bin/../lib/gcc/avr/4.3.3/avr4\libgcc.a(_copy_data.o)
                              ./simDash.o (__do_copy_data)
c:/winavr-20100110/bin/../lib/gcc/avr/4.3.3/avr4\libgcc.a(_clear_bss.o)
                              ./TWI.o (__do_clear_bss)

Allocating common symbols
Common symbol       size              file

renc_bb_status      0x1               ./TWI.o
revlimit_intv_cnt   0x2               ./TWI.o
renc_sel2_status    0x1               ./TWI.o
proto_cc            0x1               ./USART.o
limiter_flags       0x1               ./TWI.o
RotSw_2             0x1               ./TWI.o
warning_flags       0x1               ./TWI.o
lowFuel_intv_cnt    0x2               ./TWI.o
renc_sel1_status    0x1               ./TWI.o
lastRotSw_2         0x1               ./TWI.o
lastRotSw_1         0x2               ./TWI.o
pitLimit_intv_cnt   0x2               ./TWI.o
pwm_dc              0x1               ./TWI.o
RotSw_1             0x2               ./TWI.o
gFlags              0x1               ./TWI.o
bt_poll_cnt         0x1               ./TWI.o

Memory Configuration

Name             Origin             Length             Attributes
text             0x00000000         0x00002000         xr
data             0x00800060         0x0000ffa0         rw !x
eeprom           0x00810000         0x00010000         rw !x
fuse             0x00820000         0x00000400         rw !x
lock             0x00830000         0x00000400         rw !x
signature        0x00840000         0x00000400         rw !x
*default*        0x00000000         0xffffffff

Linker script and memory map

LOAD c:/winavr-20100110/bin/../lib/gcc/avr/4.3.3/../../../../avr/lib/avr4/crtm8.o
LOAD ./TWI.o
LOAD ./USART.o
LOAD ./simDash.o
LOAD ./twi_master.o
LOAD c:/winavr-20100110/bin/../lib/gcc/avr/4.3.3/avr4\libgcc.a
LOAD c:/winavr-20100110/bin/../lib/gcc/avr/4.3.3/../../../../avr/lib/avr4\libc.a
LOAD c:/winavr-20100110/bin/../lib/gcc/avr/4.3.3/avr4\libgcc.a

.hash
 *(.hash)

.dynsym
 *(.dynsym)

.dynstr
 *(.dynstr)

.gnu.version
 *(.gnu.version)

.gnu.version_d
 *(.gnu.version_d)

.gnu.version_r
 *(.gnu.version_r)

.rel.init
 *(.rel.init)

.rela.init
 *(.rela.init)

.rel.text
 *(.rel.text)
 *(.rel.text.*)
 *(.rel.gnu.linkonce.t*)

.rela.text
 *(.rela.text)
 *(.rela.text.*)
 *(.rela.gnu.linkonce.t*)

.rel.fini
 *(.rel.fini)

.rela.fini
 *(.rela.fini)

.rel.rodata
 *(.rel.rodata)
 *(.rel.rodata.*)
 *(.rel.gnu.linkonce.r*)

.rela.rodata
 *(.rela.rodata)
 *(.rela.rodata.*)
 *(.rela.gnu.linkonce.r*)

.rel.data
 *(.rel.data)
 *(.rel.data.*)
 *(.rel.gnu.linkonce.d*)

.rela.data
 *(.rela.data)
 *(.rela.data.*)
 *(.rela.gnu.linkonce.d*)

.rel.ctors
 *(.rel.ctors)

.rela.ctors
 *(.rela.ctors)

.rel.dtors
 *(.rel.dtors)

.rela.dtors
 *(.rela.dtors)

.rel.got
 *(.rel.got)

.rela.got
 *(.rela.got)

.rel.bss
 *(.rel.bss)

.rela.bss
 *(.rela.bss)

.rel.plt
 *(.rel.plt)

.rela.plt
 *(.rela.plt)

.text           0x00000000      0xb74
 *(.vectors)
 .vectors       0x00000000       0x26 c:/winavr-20100110/bin/../lib/gcc/avr/4.3.3/../../../../avr/lib/avr4/crtm8.o
                0x00000000                __vectors
                0x00000000                __vector_default
 *(.vectors)
 *(.progmem.gcc*)
 *(.progmem*)
                0x00000026                . = ALIGN (0x2)
                0x00000026                __trampolines_start = .
 *(.trampolines)
 .trampolines   0x00000026        0x0 linker stubs
 *(.trampolines*)
                0x00000026                __trampolines_end = .
 *(.jumptables)
 *(.jumptables*)
 *(.lowtext)
 *(.lowtext*)
                0x00000026                __ctors_start = .
 *(.ctors)
                0x00000026                __ctors_end = .
                0x00000026                __dtors_start = .
 *(.dtors)
                0x00000026                __dtors_end = .
 SORT(*)(.ctors)
 SORT(*)(.dtors)
 *(.init0)
 .init0         0x00000026        0x0 c:/winavr-20100110/bin/../lib/gcc/avr/4.3.3/../../../../avr/lib/avr4/crtm8.o
                0x00000026                __init
 *(.init0)
 *(.init1)
 *(.init1)
 *(.init2)
 .init2         0x00000026        0xc c:/winavr-20100110/bin/../lib/gcc/avr/4.3.3/../../../../avr/lib/avr4/crtm8.o
 *(.init2)
 *(.init3)
 *(.init3)
 *(.init4)
 .init4         0x00000032       0x16 c:/winavr-20100110/bin/../lib/gcc/avr/4.3.3/avr4\libgcc.a(_copy_data.o)
                0x00000032                __do_copy_data
 .init4         0x00000048       0x10 c:/winavr-20100110/bin/../lib/gcc/avr/4.3.3/avr4\libgcc.a(_clear_bss.o)
                0x00000048                __do_clear_bss
 *(.init4)
 *(.init5)
 *(.init5)
 *(.init6)
 *(.init6)
 *(.init7)
 *(.init7)
 *(.init8)
 *(.init8)
 *(.init9)
 .init9         0x00000058        0x4 c:/winavr-20100110/bin/../lib/gcc/avr/4.3.3/../../../../avr/lib/avr4/crtm8.o
 *(.init9)
 *(.text)
 .text          0x0000005c        0x2 c:/winavr-20100110/bin/../lib/gcc/avr/4.3.3/../../../../avr/lib/avr4/crtm8.o
                0x0000005c                __bad_interrupt
                0x0000005c                __vector_6
                0x0000005c                __vector_7
                0x0000005c                __vector_5
                0x0000005c                __vector_4
                0x0000005c                __vector_9
                0x0000005c                __vector_2
                0x0000005c                __vector_15
                0x0000005c                __vector_14
                0x0000005c                __vector_10
                0x0000005c                __vector_16
                0x0000005c                __vector_18
 .text          0x0000005e        0x0 ./TWI.o
 .text          0x0000005e        0x0 ./USART.o
 .text          0x0000005e        0x0 ./simDash.o
 .text          0x0000005e        0x0 ./twi_master.o
 .text          0x0000005e        0x0 c:/winavr-20100110/bin/../lib/gcc/avr/4.3.3/avr4\libgcc.a(_exit.o)
 .text          0x0000005e        0x0 c:/winavr-20100110/bin/../lib/gcc/avr/4.3.3/avr4\libgcc.a(_copy_data.o)
 .text          0x0000005e        0x0 c:/winavr-20100110/bin/../lib/gcc/avr/4.3.3/avr4\libgcc.a(_clear_bss.o)
                0x0000005e                . = ALIGN (0x2)
 *(.text.*)
 .text.init_twi
                0x0000005e        0x2 ./TWI.o
                0x0000005e                init_twi
 .text.init_usart
                0x00000060       0x1a ./USART.o
                0x00000060                init_usart
 .text.usart_putbyte
                0x0000007a       0x2e ./USART.o
                0x0000007a                usart_putbyte
 .text.usart_avail
                0x000000a8        0x6 ./USART.o
                0x000000a8                usart_avail
 .text.usart_send
                0x000000ae       0x20 ./USART.o
                0x000000ae                usart_send
 .text.usart_getbyte
                0x000000ce       0x44 ./USART.o
                0x000000ce                usart_getbyte
 .text.usart_tx_empty
                0x00000112       0x1c ./USART.o
                0x00000112                usart_tx_empty
 .text.__vector_11
                0x0000012e       0x56 ./USART.o
                0x0000012e                __vector_11
 .text.__vector_13
                0x00000184       0x14 ./USART.o
                0x00000184                __vector_13
 .text.__vector_12
                0x00000198       0x66 ./USART.o
                0x00000198                __vector_12
 .text.__vector_3
                0x000001fe       0x42 ./simDash.o
                0x000001fe                __vector_3
 .text.__vector_8
                0x00000240       0x26 ./simDash.o
                0x00000240                __vector_8
 .text.__vector_1
                0x00000266       0x40 ./simDash.o
                0x00000266                __vector_1
 .text.read_encoders
                0x000002a6      0x120 ./simDash.o
                0x000002a6                read_encoders
 .text.update_config
                0x000003c6       0x16 ./simDash.o
                0x000003c6                update_config
 .text.init     0x000003dc       0xe0 ./simDash.o
                0x000003dc                init
 .text.main     0x000004bc      0x528 ./simDash.o
                0x000004bc                main
 .text.TWI_Master_Initialise
                0x000009e4        0xe ./twi_master.o
                0x000009e4                TWI_Master_Initialise
 .text.TWI_Transceiver_Busy
                0x000009f2        0x6 ./twi_master.o
                0x000009f2                TWI_Transceiver_Busy
 .text.TWI_Get_State_Info
                0x000009f8        0xc ./twi_master.o
                0x000009f8                TWI_Get_State_Info
 .text.TWI_Start_Transceiver_With_Data
                0x00000a04       0x40 ./twi_master.o
                0x00000a04                TWI_Start_Transceiver_With_Data
 .text.TWI_Start_Transceiver
                0x00000a44       0x16 ./twi_master.o
                0x00000a44                TWI_Start_Transceiver
 .text.TWI_Get_Data_From_Transceiver
                0x00000a5a       0x36 ./twi_master.o
                0x00000a5a                TWI_Get_Data_From_Transceiver
 .text.__vector_17
                0x00000a90       0xe0 ./twi_master.o
                0x00000a90                __vector_17
 .text.libgcc   0x00000b70        0x0 c:/winavr-20100110/bin/../lib/gcc/avr/4.3.3/avr4\libgcc.a(_exit.o)
 .text.libgcc   0x00000b70        0x0 c:/winavr-20100110/bin/../lib/gcc/avr/4.3.3/avr4\libgcc.a(_copy_data.o)
 .text.libgcc   0x00000b70        0x0 c:/winavr-20100110/bin/../lib/gcc/avr/4.3.3/avr4\libgcc.a(_clear_bss.o)
                0x00000b70                . = ALIGN (0x2)
 *(.fini9)
 .fini9         0x00000b70        0x0 c:/winavr-20100110/bin/../lib/gcc/avr/4.3.3/avr4\libgcc.a(_exit.o)
                0x00000b70                exit
                0x00000b70                _exit
 *(.fini9)
 *(.fini8)
 *(.fini8)
 *(.fini7)
 *(.fini7)
 *(.fini6)
 *(.fini6)
 *(.fini5)
 *(.fini5)
 *(.fini4)
 *(.fini4)
 *(.fini3)
 *(.fini3)
 *(.fini2)
 *(.fini2)
 *(.fini1)
 *(.fini1)
 *(.fini0)
 .fini0         0x00000b70        0x4 c:/winavr-20100110/bin/../lib/gcc/avr/4.3.3/avr4\libgcc.a(_exit.o)
 *(.fini0)
                0x00000b74                _etext = .

.data           0x00800060       0x16 load address 0x00000b74
                0x00800060                PROVIDE (__data_start, .)
 *(.data)
 .data          0x00800060        0x0 c:/winavr-20100110/bin/../lib/gcc/avr/4.3.3/../../../../avr/lib/avr4/crtm8.o
 .data          0x00800060        0x0 ./TWI.o
 .data          0x00800060        0x0 ./USART.o
 .data          0x00800060        0x0 ./simDash.o
 .data          0x00800060        0x0 ./twi_master.o
 .data          0x00800060        0x0 c:/winavr-20100110/bin/../lib/gcc/avr/4.3.3/avr4\libgcc.a(_exit.o)
 .data          0x00800060        0x0 c:/winavr-20100110/bin/../lib/gcc/avr/4.3.3/avr4\libgcc.a(_copy_data.o)
 .data          0x00800060        0x0 c:/winavr-20100110/bin/../lib/gcc/avr/4.3.3/avr4\libgcc.a(_clear_bss.o)
 *(.data*)
 .data.t        0x00800060        0xc ./simDash.o
                0x00800060                t
 .data.gears    0x0080006c        0x9 ./simDash.o
                0x0080006c                gears
 .data.TWI_state
                0x00800075        0x1 ./twi_master.o
 *(.rodata)
 *(.rodata*)
 *(.gnu.linkonce.d*)
                0x00800076                . = ALIGN (0x2)
                0x00800076                _edata = .
                0x00800076                PROVIDE (__data_end, .)

.bss            0x00800076       0x63
                0x00800076                PROVIDE (__bss_start, .)
 *(.bss)
 .bss           0x00800076        0x0 c:/winavr-20100110/bin/../lib/gcc/avr/4.3.3/../../../../avr/lib/avr4/crtm8.o
 .bss           0x00800076        0x0 ./TWI.o
 .bss           0x00800076        0x0 ./USART.o
 .bss           0x00800076        0x0 ./simDash.o
 .bss           0x00800076        0x0 ./twi_master.o
 .bss           0x00800076        0x0 c:/winavr-20100110/bin/../lib/gcc/avr/4.3.3/avr4\libgcc.a(_exit.o)
 .bss           0x00800076        0x0 c:/winavr-20100110/bin/../lib/gcc/avr/4.3.3/avr4\libgcc.a(_copy_data.o)
 .bss           0x00800076        0x0 c:/winavr-20100110/bin/../lib/gcc/avr/4.3.3/avr4\libgcc.a(_clear_bss.o)
 *(.bss*)
 .bss.usart_tx  0x00800076       0x13 ./USART.o
 .bss.usart_rx  0x00800089       0x23 ./USART.o
 .bss.tx_cpl    0x008000ac        0x1 ./USART.o
 .bss.buttons   0x008000ad        0x6 ./simDash.o
                0x008000ad                buttons
 .bss.last_buttons
                0x008000b3        0x6 ./simDash.o
                0x008000b3                last_buttons
 .bss.TWI_statusReg
                0x008000b9        0x1 ./twi_master.o
                0x008000b9                TWI_statusReg
 .bss.TWI_bufPtr.1634
                0x008000ba        0x1 ./twi_master.o
 .bss.TWI_buf   0x008000bb        0x8 ./twi_master.o
 .bss.TWI_msgSize
                0x008000c3        0x1 ./twi_master.o
 *(COMMON)
 COMMON         0x008000c4       0x14 ./TWI.o
                0x008000c4                renc_bb_status
                0x008000c5                revlimit_intv_cnt
                0x008000c7                renc_sel2_status
                0x008000c8                limiter_flags
                0x008000c9                RotSw_2
                0x008000ca                warning_flags
                0x008000cb                lowFuel_intv_cnt
                0x008000cd                renc_sel1_status
                0x008000ce                lastRotSw_2
                0x008000cf                lastRotSw_1
                0x008000d1                pitLimit_intv_cnt
                0x008000d3                pwm_dc
                0x008000d4                RotSw_1
                0x008000d6                gFlags
                0x008000d7                bt_poll_cnt
 COMMON         0x008000d8        0x1 ./USART.o
                0x008000d8                proto_cc
                0x008000d9                PROVIDE (__bss_end, .)
                0x00000b74                __data_load_start = LOADADDR (.data)
                0x00000b8a                __data_load_end = (__data_load_start + SIZEOF (.data))

.noinit         0x008000d9        0x0
                0x008000d9                PROVIDE (__noinit_start, .)
 *(.noinit*)
                0x008000d9                PROVIDE (__noinit_end, .)
                0x008000d9                _end = .
                0x008000d9                PROVIDE (__heap_start, .)

.eeprom         0x00810000        0x0
 *(.eeprom*)
                0x00810000                __eeprom_end = .

.fuse
 *(.fuse)
 *(.lfuse)
 *(.hfuse)
 *(.efuse)

.lock
 *(.lock*)

.signature
 *(.signature*)

.stab
 *(.stab)

.stabstr
 *(.stabstr)

.stab.excl
 *(.stab.excl)

.stab.exclstr
 *(.stab.exclstr)

.stab.index
 *(.stab.index)

.stab.indexstr
 *(.stab.indexstr)

.comment
 *(.comment)

.debug
 *(.debug)

.line
 *(.line)

.debug_srcinfo
 *(.debug_srcinfo)

.debug_sfnames
 *(.debug_sfnames)

.debug_aranges
 *(.debug_aranges)

.debug_pubnames
 *(.debug_pubnames)

.debug_info
 *(.debug_info)
 *(.gnu.linkonce.wi.*)

.debug_abbrev
 *(.debug_abbrev)

.debug_line
 *(.debug_line)

.debug_frame
 *(.debug_frame)

.debug_str
 *(.debug_str)

.debug_loc
 *(.debug_loc)

.debug_macinfo
 *(.debug_macinfo)
OUTPUT(simDashECU.elf elf32-avr)
LOAD linker stubs
